[{"id":1,"top_level_namespace_id":1,"parent_id":null,"created_at":"2020-04-15T12:04:28.95584","updated_at":null,"name":"a-simple","path":"a-simple"}, 
 {"id":2,"top_level_namespace_id":2,"parent_id":null,"created_at":"2020-04-15T12:04:28.95584","updated_at":null,"name":"b-nested","path":"b-nested"}, 
 {"id":4,"top_level_namespace_id":2,"parent_id":2,"created_at":"2020-04-15T12:04:28.95584","updated_at":null,"name":"older","path":"b-nested/older"}, 
 {"id":7,"top_level_namespace_id":2,"parent_id":4,"created_at":"2020-04-15T12:04:28.95584","updated_at":null,"name":"older","path":"b-nested/older/older"}, 
 {"id":8,"top_level_namespace_id":5,"parent_id":null,"created_at":"2020-04-15T12:04:28.95584","updated_at":null,"name":"c-manifest-list","path":"c-manifest-list"}, 
 {"id":9,"top_level_namespace_id":6,"parent_id":null,"created_at":"2020-04-15T12:04:28.95584","updated_at":null,"name":"d-schema1","path":"d-schema1"}, 
 {"id":10,"top_level_namespace_id":7,"parent_id":null,"created_at":"2020-04-15T12:04:28.95584","updated_at":null,"name":"e-helm","path":"e-helm"}, 
 {"id":11,"top_level_namespace_id":8,"parent_id":null,"created_at":"2020-04-15T12:04:28.95584","updated_at":null,"name":"f-dangling-manifests","path":"f-dangling-manifests"}]