[{"id":1,"parent_id":null,"created_at":"2020-04-15T12:04:28.95584","updated_at":null,"name":"a-simple","path":"a-simple"}, 
 {"id":2,"parent_id":null,"created_at":"2020-04-15T12:04:28.95584","updated_at":null,"name":"b-nested","path":"b-nested"}, 
 {"id":4,"parent_id":2,"created_at":"2020-04-15T12:04:28.95584","updated_at":null,"name":"older","path":"b-nested/older"}, 
 {"id":7,"parent_id":4,"created_at":"2020-04-15T12:04:28.95584","updated_at":null,"name":"older","path":"b-nested/older/older"}, 
 {"id":8,"parent_id":null,"created_at":"2020-04-15T12:04:28.95584","updated_at":null,"name":"c-manifest-list","path":"c-manifest-list"}, 
 {"id":9,"parent_id":null,"created_at":"2020-04-15T12:04:28.95584","updated_at":null,"name":"d-schema1","path":"d-schema1"}, 
 {"id":10,"parent_id":null,"created_at":"2020-04-15T12:04:28.95584","updated_at":null,"name":"e-helm","path":"e-helm"}]