[{"created_at":"2020-04-15T12:04:28.95584","id":1,"media_type":"application/vnd.docker.distribution.manifest.v1+json"}, 
 {"created_at":"2020-04-15T12:04:28.95584","id":2,"media_type":"application/vnd.docker.distribution.manifest.v1+prettyjws"}, 
 {"created_at":"2020-04-15T12:04:28.95584","id":3,"media_type":"application/vnd.docker.distribution.manifest.v2+json"}, 
 {"created_at":"2020-04-15T12:04:28.95584","id":4,"media_type":"application/vnd.docker.distribution.manifest.list.v2+json"}, 
 {"created_at":"2020-04-15T12:04:28.95584","id":5,"media_type":"application/vnd.docker.image.rootfs.diff.tar"}, 
 {"created_at":"2020-04-15T12:04:28.95584","id":6,"media_type":"application/vnd.docker.image.rootfs.diff.tar.gzip"}, 
 {"created_at":"2020-04-15T12:04:28.95584","id":7,"media_type":"application/vnd.docker.image.rootfs.foreign.diff.tar.gzip"}, 
 {"created_at":"2020-04-15T12:04:28.95584","id":8,"media_type":"application/vnd.docker.container.image.v1+json"}, 
 {"created_at":"2020-04-15T12:04:28.95584","id":9,"media_type":"application/vnd.docker.container.image.rootfs.diff+x-gtar"}, 
 {"created_at":"2020-04-15T12:04:28.95584","id":10,"media_type":"application/vnd.docker.plugin.v1+json"}, 
 {"created_at":"2020-04-15T12:04:28.95584","id":11,"media_type":"application/vnd.oci.image.layer.v1.tar"}, 
 {"created_at":"2020-04-15T12:04:28.95584","id":12,"media_type":"application/vnd.oci.image.layer.v1.tar+gzip"}, 
 {"created_at":"2020-04-15T12:04:28.95584","id":13,"media_type":"application/vnd.oci.image.layer.v1.tar+zstd"}, 
 {"created_at":"2020-04-15T12:04:28.95584","id":14,"media_type":"application/vnd.oci.image.layer.nondistributable.v1.tar"}, 
 {"created_at":"2020-04-15T12:04:28.95584","id":15,"media_type":"application/vnd.oci.image.layer.nondistributable.v1.tar+gzip"}, 
 {"created_at":"2020-04-15T12:04:28.95584","id":16,"media_type":"application/vnd.oci.image.config.v1+json"}, 
 {"created_at":"2020-04-15T12:04:28.95584","id":17,"media_type":"application/vnd.oci.image.manifest.v1+json"}, 
 {"created_at":"2020-04-15T12:04:28.95584","id":18,"media_type":"application/vnd.oci.image.index.v1+json"}, 
 {"created_at":"2020-04-15T12:04:28.95584","id":19,"media_type":"application/vnd.cncf.helm.config.v1+json"}, 
 {"created_at":"2020-04-15T12:04:28.95584","id":20,"media_type":"application/tar+gzip"}, 
 {"created_at":"2020-04-15T12:04:28.95584","id":21,"media_type":"application/octet-stream"}]