[{"id":1,"schema_version":2,"media_type":"application/vnd.docker.distribution.manifest.list.v2+json","digest_hex":"f8f5ca4728269ef4eecd49db2345a03f8ab9244e049fc2af96f7b422dd6df009","payload":{
   "schemaVersion": 2,
   "mediaType": "application/vnd.docker.distribution.manifest.list.v2+json",
   "manifests": [
      {
         "mediaType": "application/vnd.docker.distribution.manifest.v2+json",
         "size": 528,
         "digest": "sha256:cb8a924afdf0229ef7515d9e5b3024e23b3eb03ddbba287f4a19c6ac90b8d221",
         "platform": {
            "architecture": "amd64",
            "os": "linux"
         }
      },
      {
         "mediaType": "application/vnd.docker.distribution.manifest.v2+json",
         "size": 528,
         "digest": "sha256:597bd5c319cc09d6bb295b4ef23cac50ec7c373fff5fe923cfd246ec09967b31",
         "platform": {
            "architecture": "arm64",
            "os": "linux"
         }
      }
   ]
},"created_at":"2020-04-15T12:04:28.95584","marked_at":null,"deleted_at":null}]