[{"id":1,"name":"a-simple","path":"a-simple","parent_id":null,"created_at":"2020-04-15T12:04:28.95584"}, 
 {"id":2,"name":"b-nested","path":"b-nested","parent_id":null,"created_at":"2020-04-15T12:04:28.95584"}, 
 {"id":4,"name":"older","path":"b-nested/older","parent_id":2,"created_at":"2020-04-15T12:04:28.95584"}, 
 {"id":7,"name":"older","path":"b-nested/older/older","parent_id":4,"created_at":"2020-04-15T12:04:28.95584"}, 
 {"id":8,"name":"c-manifest-list","path":"c-manifest-list","parent_id":null,"created_at":"2020-04-15T12:04:28.95584"}, 
 {"id":9,"name":"d-schema1","path":"d-schema1","parent_id":null,"created_at":"2020-04-15T12:04:28.95584"}, 
 {"id":10,"name":"e-helm","path":"e-helm","parent_id":null,"created_at":"2020-04-15T12:04:28.95584"}]