[{"id":1,"name":"1.31.1","repository_id":1,"manifest_id":1,"manifest_list_id":null,"created_at":"2020-04-15T12:04:28.95584","updated_at":null}, 
 {"id":2,"name":"latest","repository_id":1,"manifest_id":1,"manifest_list_id":null,"created_at":"2020-04-15T12:04:28.95584","updated_at":null}, 
 {"id":3,"name":"5.0.8-alpine","repository_id":2,"manifest_id":2,"manifest_list_id":null,"created_at":"2020-04-15T12:04:28.95584","updated_at":null}, 
 {"id":4,"name":"4.0.14-alpine","repository_id":4,"manifest_id":3,"manifest_list_id":null,"created_at":"2020-04-15T12:04:28.95584","updated_at":null}, 
 {"id":5,"name":"5.0.4-alpine","repository_id":4,"manifest_id":4,"manifest_list_id":null,"created_at":"2020-04-15T12:04:28.95584","updated_at":null}, 
 {"id":6,"name":"3.2.11-alpine","repository_id":7,"manifest_id":5,"manifest_list_id":null,"created_at":"2020-04-15T12:04:28.95584","updated_at":null}, 
 {"id":7,"name":"3.11.5","repository_id":8,"manifest_id":null,"manifest_list_id":1,"created_at":"2020-04-15T12:04:28.95584","updated_at":null}, 
 {"id":8,"name":"3.11.5-amd64","repository_id":8,"manifest_id":7,"manifest_list_id":null,"created_at":"2020-04-15T12:04:28.95584","updated_at":null}, 
 {"id":9,"name":"3.11.5-arm64","repository_id":8,"manifest_id":6,"manifest_list_id":null,"created_at":"2020-04-15T12:04:28.95584","updated_at":null}, 
 {"id":10,"name":"latest","repository_id":9,"manifest_id":8,"manifest_list_id":null,"created_at":"2020-04-15T12:04:28.95584","updated_at":null}, 
 {"id":11,"name":"latest","repository_id":10,"manifest_id":9,"manifest_list_id":null,"created_at":"2020-04-15T12:04:28.95584","updated_at":null}]